Microchip MPLAB XC8 Compiler V2.46

Linker command line:

-W-3 --edf=/opt/microchip/xc8/v2.46/pic/dat/20240104201356_en.msgs -cn \
  -h+dist/default/production/WastedHeat.X.production.sym \
  --cmf=dist/default/production/WastedHeat.X.production.cmf -z -Q16F721 \
  -o/tmp/xcXALpcJn/driver_tmp_3.o --defsym=__MPLAB_BUILD=1 \
  --fixupoverflow=error \
  -Mdist/default/production/WastedHeat.X.production.map \
  --md=/tmp/xcXALpcJn/driver_tmp_0.dat -E1 -ver=XC8 Compiler --acfsm=1493 \
  -ACODE=00h-07FFhx2 -ASTRCODE=00h-0FFFh -ASTRING=00h-0FFhx16 \
  -ACONST=00h-0FFhx16 -AENTRY=00h-0FFhx16 -ACOMMON=070h-07Fh \
  -ABANK0=020h-06Fh -ABANK1=0A0h-0EFh -ABANK2=0120h-016Fh \
  -ARAM=020h-06Fh,0A0h-0EFh,0120h-016Fh \
  -AABS1=020h-07Fh,0A0h-0EFh,0120h-016Fh -ASFR0=00h-01Fh -ASFR1=080h-09Fh \
  -ASFR2=0100h-011Fh -ASFR3=0180h-01EFh -ACONFIG=02007h-02008h -DCONFIG=2 \
  -AIDLOC=02000h-02003h -DIDLOC=2 -DCODE=2 -DSTRCODE=2 -DSTRING=2 -DCONST=2 \
  -DENTRY=2 -preset_vec=00h,intentry,sivt,init,end_init -ppowerup=CODE \
  -pcinit=CODE -pfunctab=ENTRY -k /tmp/xcXALpcJn/driver_tmp_14.o \
  dist/default/production/WastedHeat.X.production.o 

Object code version is 3.11

Machine type is 16F721



                Name                               Link     Load   Length Selector   Space Scale
/tmp/xcXALpcJn/driver_tmp_14.o
                end_init                              0        0        2        0       0
                config                             2007     2007        2        0       4
dist/default/production/WastedHeat.X.production.o
                cinit                               7F6      7F6        A      FEC       0
                config                             2007     2007        2        0       4
                text12                              599      599        C      B32       0
                text11                              5A5      5A5       15      B4A       0
                text10                              585      585        9      B0A       0
                text9                               58E      58E        B      B1C       0
                text8                               5F4      5F4       27      BE8       0
                text7                               655      655       44      CAA       0
                text6                               61B      61B       3A      C36       0
                text5                               57C      57C        1      AF8       0
                text4                               6E9      6E9       54      DD2       0
                text3                               73D      73D       B9      E7A       0
                text2                               5BA      5BA       1D      B74       0
                text1                               5D7      5D7       1D      BAE       0
                maintext                            699      699       50      D32       0
                cstackBANK0                          45       45       1F       20       1
                cstackCOMMON                         70       70        E       70       1
                cstackBANK1                          A0       A0       36       A0       1
                clrtext                             57D      57D        8      AFA       0
                bssBANK0                             20       20       25       20       1
                strings                               2        2       1B        4       0

TOTAL           Name                               Link     Load   Length     Space
        CLASS   CODE           
                end_init                              0        0        2         0
                cinit                               7F6      7F6        A         0
                text12                              599      599        C         0
                text11                              5A5      5A5       15         0
                text10                              585      585        9         0
                text9                               58E      58E        B         0
                text8                               5F4      5F4       27         0
                text7                               655      655       44         0
                text6                               61B      61B       3A         0
                text5                               57C      57C        1         0
                text4                               6E9      6E9       54         0
                text3                               73D      73D       B9         0
                text2                               5BA      5BA       1D         0
                text1                               5D7      5D7       1D         0
                maintext                            699      699       50         0
                clrtext                             57D      57D        8         0

        CLASS   STRCODE        

        CLASS   STRING         
                strings                               2        2       1B         0

        CLASS   CONST          

        CLASS   ENTRY          

        CLASS   COMMON         
                cstackCOMMON                         70       70        E         1

        CLASS   BANK0          
                cstackBANK0                          45       45       1F         1
                bssBANK0                             20       20       25         1

        CLASS   BANK1          
                cstackBANK1                          A0       A0       36         1

        CLASS   BANK2          

        CLASS   RAM            

        CLASS   ABS1           
                abs_s1                               7E       7E        2         1

        CLASS   SFR0           

        CLASS   SFR1           

        CLASS   SFR2           

        CLASS   SFR3           

        CLASS   CONFIG         
                config                             2007     2007        2         4

        CLASS   IDLOC          

        CLASS   BANK3          

        CLASS   HEAP           

        CLASS   STACK          

        CLASS   EEDATA         



SEGMENTS        Name                           Load    Length   Top    Selector   Space  Class     Delta

                text12                         000599  00000C  0005A5       B32       0  CODE        2
                text1                          0005D7  00001D  0005F4       BAE       0  CODE        2
                text8                          0005F4  000027  00061B       BE8       0  CODE        2
                text2                          0005BA  00001D  0005D7       B74       0  CODE        2
                text11                         0005A5  000015  0005BA       B4A       0  CODE        2
                strings                        000002  00001B  00001D         4       0  STRING      2
                text9                          00058E  00000B  000599       B1C       0  CODE        2
                clrtext                        00057D  000008  000585       AFA       0  CODE        2
                text5                          00057C  000001  00057D       AF8       0  CODE        2
                reset_vec                      000000  000002  000002         0       0  CODE        2
                text10                         000585  000009  00058E       B0A       0  CODE        2
                text6                          00061B  00003A  000655       C36       0  CODE        2
                bssBANK0                       000020  000044  000064        20       1  BANK0       1
                cstackBANK1                    0000A0  000036  0000D6        A0       1  BANK1       1
                cinit                          0007F6  00000A  000800       FEC       0  CODE        2
                cstackCOMMON                   000070  00000E  00007E        70       1  COMMON      1
                maintext                       000699  000050  0006E9       D32       0  CODE        2
                text7                          000655  000044  000699       CAA       0  CODE        2
                text4                          0006E9  000054  00073D       DD2       0  CODE        2
                text3                          00073D  0000B9  0007F6       E7A       0  CODE        2


UNUSED ADDRESS RANGES

        Name                Unused          Largest block    Delta
        BANK0            0064-006F              C           1
        BANK1            00D6-00EF             1A           1
        BANK2            0120-016F             50           1
        CODE             001D-057B            55F           2
                         0800-0FFF            800
        CONST            001D-057B            100           2
                         0800-0FFF            100
        ENTRY            001D-057B            100           2
                         0800-0FFF            100
        IDLOC            2000-2003              4           2
        RAM              0064-006F              C           1
                         00D6-00EF             1A
                         0120-016F             50
        SFR0             0000-001F             20           1
        SFR1             0080-009F             20           1
        SFR2             0100-011F             20           1
        SFR3             0180-01EF             70           1
        STRCODE          001D-057B            55F           2
                         0800-0FFF            800
        STRING           001D-057B            100           2
                         0800-0FFF            100

                                  Symbol Table

?___lwdiv                cstackCOMMON 0070
?___lwmod                cstackCOMMON 0070
?_readADC                cstackCOMMON 0070
?_sprintf                cstackBANK0  004E
?_vfprintf               cstackCOMMON 007C
UARTSendChar@data        cstackCOMMON 0070
UARTSendString@str       cstackCOMMON 0072
_ADCON0                  (abs)        001F
_ADCON1                  (abs)        009F
_ADRES                   (abs)        001E
_GO_nDONE                (abs)        00F9
_RCSTAbits               (abs)        0018
_SPBRG                   (abs)        0099
_TXREG                   (abs)        0019
_TXSTAbits               (abs)        0098
_UARTSendChar            text12       0599
_UARTSendString          text11       05A5
__H__absolute__          __absolute__ 0000
__Habs1                  abs1         0000
__Hbank0                 bank0        0000
__Hbank1                 bank1        0000
__Hbank2                 bank2        0000
__Hbank3                 bank3        0000
__HbssBANK0              bssBANK0     0000
__Hcinit                 cinit        0800
__Hclrtext               clrtext      0000
__Hcode                  code         0000
__Hcommon                common       0000
__Hconfig                config       2009
__HcstackBANK0           cstackBANK0  0000
__HcstackBANK1           cstackBANK1  0000
__HcstackCOMMON          cstackCOMMON 0000
__Heeprom_data           eeprom_data  0000
__Hend_init              end_init     0002
__Hfunctab               functab      0000
__Hheap                  heap         0000
__Hinit                  init         0000
__Hintentry              intentry     0000
__Hmaintext              maintext     0000
__Hpowerup               powerup      0000
__Hram                   ram          0000
__Hreset_vec             reset_vec    0000
__Hsfr0                  sfr0         0000
__Hsfr1                  sfr1         0000
__Hsfr2                  sfr2         0000
__Hsfr3                  sfr3         0000
__Hsivt                  sivt         0000
__Hspace_0               (abs)        0800
__Hspace_1               (abs)        00D6
__Hspace_2               (abs)        0000
__Hspace_3               (abs)        0000
__Hspace_4               (abs)        4010
__Hstack                 stack        0000
__Hstrings               strings      0000
__Htext                  text         0000
__L__absolute__          __absolute__ 0000
__Labs1                  abs1         0000
__Lbank0                 bank0        0000
__Lbank1                 bank1        0000
__Lbank2                 bank2        0000
__Lbank3                 bank3        0000
__LbssBANK0              bssBANK0     0000
__Lcinit                 cinit        07F6
__Lclrtext               clrtext      0000
__Lcode                  code         0000
__Lcommon                common       0000
__Lconfig                config       0000
__LcstackBANK0           cstackBANK0  0000
__LcstackBANK1           cstackBANK1  0000
__LcstackCOMMON          cstackCOMMON 0000
__Leeprom_data           eeprom_data  0000
__Lend_init              end_init     0000
__Lfunctab               functab      0000
__Lheap                  heap         0000
__Linit                  init         0000
__Lintentry              intentry     0000
__Lmaintext              maintext     0000
__Lpowerup               powerup      0000
__Lram                   ram          0000
__Lreset_vec             reset_vec    0000
__Lsfr0                  sfr0         0000
__Lsfr1                  sfr1         0000
__Lsfr2                  sfr2         0000
__Lsfr3                  sfr3         0000
__Lsivt                  sivt         0000
__Lspace_0               (abs)        0000
__Lspace_1               (abs)        0000
__Lspace_2               (abs)        0000
__Lspace_3               (abs)        0000
__Lspace_4               (abs)        0000
__Lstack                 stack        0000
__Lstrings               strings      0000
__Ltext                  text         0000
__S0                     (abs)        0800
__S1                     (abs)        00D6
___heap_hi               (abs)        0000
___heap_lo               (abs)        0000
___int_sp                stack        0000
___int_stack_hi          stack        0000
___int_stack_lo          stack        0000
___latbits               (abs)        0001
___lwdiv                 text7        0655
___lwdiv@counter         cstackCOMMON 0077
___lwdiv@dividend        cstackCOMMON 0072
___lwdiv@divisor         cstackCOMMON 0070
___lwdiv@quotient        cstackCOMMON 0075
___lwmod                 text6        061B
___lwmod@counter         cstackCOMMON 0075
___lwmod@dividend        cstackCOMMON 0072
___lwmod@divisor         cstackCOMMON 0070
___sp                    stack        0000
___stack_hi              stack        0000
___stack_lo              stack        0000
___stackhi               (abs)        0000
___stacklo               (abs)        0000
__end_of_UARTSendChar    text12       05A5
__end_of_UARTSendString  text11       05BA
__end_of___lwdiv         text7        0699
__end_of___lwmod         text6        0655
__end_of__initialization cinit        07FD
__end_of__stringtab      strings      0008
__end_of_fputc           text4        073D
__end_of_initADC         text10       058E
__end_of_initUART        text9        0599
__end_of_main            maintext     06E9
__end_of_putch           text5        057D
__end_of_readADC         text8        061B
__end_of_sprintf         text1        05F4
__end_of_vfpfcnvrt       text3        07F6
__end_of_vfprintf        text2        05D7
__initialization         cinit        07F6
__pbssBANK0              bssBANK0     0020
__pcstackBANK0           cstackBANK0  0045
__pcstackBANK1           cstackBANK1  00A0
__pcstackCOMMON          cstackCOMMON 0070
__pmaintext              maintext     0699
__pstrings               strings      0002
__ptext1                 text1        05D7
__ptext10                text10       0585
__ptext11                text11       05A5
__ptext12                text12       0599
__ptext2                 text2        05BA
__ptext3                 text3        073D
__ptext4                 text4        06E9
__ptext5                 text5        057C
__ptext6                 text6        061B
__ptext7                 text7        0655
__ptext8                 text8        05F4
__ptext9                 text9        058E
__stringbase             strings      0007
__stringtab              strings      0002
_dbuf                    bssBANK0     0020
_flags                   bssBANK0     0044
_fputc                   text4        06E9
_initADC                 text10       0585
_initUART                text9        058E
_main                    maintext     0699
_prec                    bssBANK0     0042
_putch                   text5        057C
_readADC                 text8        05F4
_sprintf                 text1        05D7
_vfpfcnvrt               text3        073D
_vfprintf                text2        05BA
_width                   bssBANK0     0040
btemp                    (abs)        007E
clear_ram0               clrtext      057D
end_of_initialization    cinit        07FD
fputc@c                  cstackCOMMON 0070
fputc@fp                 cstackCOMMON 0072
intlevel0                functab      0000
intlevel1                functab      0000
intlevel2                functab      0000
intlevel3                functab      0000
intlevel4                functab      0000
intlevel5                functab      0000
main@adcValue1           cstackBANK1  00D2
main@adcValue2           cstackBANK1  00D4
main@buffer              cstackBANK1  00A0
readADC@channel          cstackCOMMON 0074
reset_vec                reset_vec    0000
sprintf@ap               cstackBANK0  0054
sprintf@f                cstackBANK0  0056
sprintf@fmt              cstackBANK0  004E
sprintf@s                cstackBANK0  0055
start                    init         0000
start_initialization     cinit        07F6
vfpfcnvrt@ap             cstackCOMMON 0079
vfpfcnvrt@c              cstackBANK0  004B
vfpfcnvrt@convarg        cstackBANK0  0046
vfpfcnvrt@cp             cstackBANK0  004A
vfpfcnvrt@fmt            cstackCOMMON 0078
vfpfcnvrt@fp             cstackBANK0  0045
vfprintf@ap              cstackCOMMON 007D
vfprintf@cfmt            cstackBANK0  004D
vfprintf@fmt             cstackCOMMON 007C
vfprintf@fp              cstackBANK0  004C
wtemp0                   (abs)        007E


MODULE INFORMATION

Module		Function		Class		Link	Load	Size
WH_main.c
		_UARTSendString		CODE           	05A5	0000	21
		_main          		CODE           	0699	0000	80
		_initUART      		CODE           	058E	0000	11
		_initADC       		CODE           	0585	0000	9
		_UARTSendChar  		CODE           	0599	0000	12
		_readADC       		CODE           	05F4	0000	39

WH_main.c estimated size: 172

/opt/microchip/xc8/v2.46/pic/sources/c99/common/lwmod.c
		___lwmod       		CODE           	061B	0000	58

/opt/microchip/xc8/v2.46/pic/sources/c99/common/lwmod.c estimated size: 58

/opt/microchip/xc8/v2.46/pic/sources/c99/common/doprnt.c
		_vfpfcnvrt     		CODE           	073D	0000	185
		_vfprintf      		CODE           	05BA	0000	29

/opt/microchip/xc8/v2.46/pic/sources/c99/common/doprnt.c estimated size: 214

/opt/microchip/xc8/v2.46/pic/sources/c99/common/nf_sprintf.c
		_sprintf       		CODE           	05D7	0000	29

/opt/microchip/xc8/v2.46/pic/sources/c99/common/nf_sprintf.c estimated size: 29

/opt/microchip/xc8/v2.46/pic/sources/c99/common/lwdiv.c
		___lwdiv       		CODE           	0655	0000	68

/opt/microchip/xc8/v2.46/pic/sources/c99/common/lwdiv.c estimated size: 68

shared
		__stringtab    		STRING         	0002	0000	6
		__initialization		CODE           	07F6	0000	7

shared estimated size: 13

/opt/microchip/xc8/v2.46/pic/sources/c99/common/nf_fputc.c
		_fputc         		CODE           	06E9	0000	84

/opt/microchip/xc8/v2.46/pic/sources/c99/common/nf_fputc.c estimated size: 84

/opt/microchip/xc8/v2.46/pic/sources/c99/common/putch.c
		_putch         		CODE           	057C	0000	1

/opt/microchip/xc8/v2.46/pic/sources/c99/common/putch.c estimated size: 1

